[     124ms] [INFO] %cDownload the React DevTools for a better development experience: https://react.dev/link/react-devtools font-weight:bold @ http://localhost:3000/node_modules/.vite/deps/react-dom_client.js?v=d1c6f410:14335
[   23442ms] [ERROR] Failed to load resource: the server responded with a status of 400 (Bad Request) @ http://localhost:3000/api/handover/5c4d8cd4-0e7d-4f90-81f5-defdffcb50d9:0
[   23670ms] [ERROR] Failed to load resource: the server responded with a status of 400 (Bad Request) @ http://localhost:3000/api/handover/5c4d8cd4-0e7d-4f90-81f5-defdffcb50d9:0
[ 1202607ms] [ERROR] Failed to load resource: the server responded with a status of 502 (Bad Gateway) @ http://localhost:3000/api/legal-submissions/?page=1&limit=20:0
[ 1202607ms] [ERROR] Failed to load resource: the server responded with a status of 502 (Bad Gateway) @ http://localhost:3000/api/legal-submissions/?page=1&limit=20:0
[ 1202608ms] [ERROR] Failed to load resource: the server responded with a status of 502 (Bad Gateway) @ http://localhost:3000/api/legal-submissions/?page=1&limit=20:0
[ 1202608ms] [ERROR] Failed to load resource: the server responded with a status of 502 (Bad Gateway) @ http://localhost:3000/api/legal-submissions/?page=1&limit=20:0
[ 1202608ms] [ERROR] Failed to load resource: the server responded with a status of 502 (Bad Gateway) @ http://localhost:3000/api/legal-submissions/?page=1&limit=20:0
[ 1202612ms] [ERROR] Failed to load resource: the server responded with a status of 502 (Bad Gateway) @ http://localhost:3000/api/legal-submissions/?page=1&limit=20:0
[ 1202612ms] [ERROR] Failed to load resource: the server responded with a status of 502 (Bad Gateway) @ http://localhost:3000/api/legal-submissions/?page=1&limit=20:0
[ 1202613ms] [ERROR] Failed to load resource: the server responded with a status of 502 (Bad Gateway) @ http://localhost:3000/api/legal-submissions/?page=1&limit=20:0
[ 1202613ms] [ERROR] Failed to load resource: the server responded with a status of 502 (Bad Gateway) @ http://localhost:3000/api/legal-submissions/?page=1&limit=20:0
[ 1202615ms] [ERROR] Failed to load resource: the server responded with a status of 502 (Bad Gateway) @ http://localhost:3000/api/legal-submissions/?page=1&limit=20:0
[ 1202618ms] [ERROR] Failed to load resource: the server responded with a status of 502 (Bad Gateway) @ http://localhost:3000/api/employee-portal/me:0
[ 1202618ms] [ERROR] Failed to load resource: the server responded with a status of 502 (Bad Gateway) @ http://localhost:3000/api/legal-submissions/?page=1&limit=20:0
[ 1202619ms] [ERROR] Failed to load resource: the server responded with a status of 502 (Bad Gateway) @ http://localhost:3000/api/legal-submissions/?page=1&limit=20:0
[ 1202619ms] [ERROR] Failed to load resource: the server responded with a status of 502 (Bad Gateway) @ http://localhost:3000/api/legal-submissions/?page=1&limit=20:0
[ 1202621ms] [ERROR] Failed to load resource: the server responded with a status of 502 (Bad Gateway) @ http://localhost:3000/api/employee-portal/me:0
[ 1202622ms] [ERROR] Failed to load resource: the server responded with a status of 502 (Bad Gateway) @ http://localhost:3000/api/legal-submissions/?page=1&limit=20:0
[ 1202624ms] [ERROR] Failed to load resource: the server responded with a status of 502 (Bad Gateway) @ http://localhost:3000/api/legal-submissions/?page=1&limit=20:0
[ 1669493ms] [LOG] [vite] server connection lost. Polling for restart... @ http://localhost:3000/@vite/client:992
[ 1669538ms] [ERROR] Failed to load resource: net::ERR_NETWORK_IO_SUSPENDED @ http://localhost:3000/api/notifications/events:0
[ 1670070ms] [INFO] %cDownload the React DevTools for a better development experience: https://react.dev/link/react-devtools font-weight:bold @ http://localhost:3000/node_modules/.vite/deps/react-dom_client.js?v=d1c6f410:14335
